// Jest Snapshot v1, https://goo.gl/fbAQLP

exports[`Tests for Calculator Module The calculator component is displayed 1`] = `
<div
  id="wrapper"
>
  <h2>
    Let's do some math!
  </h2>
  <div
    id="calculator"
  >
    <div
      class="display"
    >
      <input
        id="input-display"
        name="input-display"
        type="text"
        value="0"
      />
    </div>
    <div
      id="calculator-buttons"
    >
      <button
        class="calculator-button"
        id="button-ac"
        type="button"
      >
        AC
      </button>
      <button
        class="calculator-button"
        id="button-sign"
        type="button"
      >
        +/-
      </button>
      <button
        class="calculator-button"
        id="button-percent"
        type="button"
      >
        %
      </button>
      <button
        class="calculator-button button-orange"
        id="button-divide"
        type="button"
      >
        รท
      </button>
      <button
        class="calculator-button"
        id="button-7"
        type="button"
      >
        7
      </button>
      <button
        class="calculator-button"
        id="button-8"
        type="button"
      >
        8
      </button>
      <button
        class="calculator-button"
        id="button-9"
        type="button"
      >
        9
      </button>
      <button
        class="calculator-button button-orange"
        id="button-multiply"
        type="button"
      >
        x
      </button>
      <button
        class="calculator-button"
        id="button-4"
        type="button"
      >
        4
      </button>
      <button
        class="calculator-button"
        id="button-5"
        type="button"
      >
        5
      </button>
      <button
        class="calculator-button"
        id="button-6"
        type="button"
      >
        6
      </button>
      <button
        class="calculator-button button-orange"
        id="button-substract"
        type="button"
      >
        -
      </button>
      <button
        class="calculator-button"
        id="button-1"
        type="button"
      >
        1
      </button>
      <button
        class="calculator-button"
        id="button-2"
        type="button"
      >
        2
      </button>
      <button
        class="calculator-button"
        id="button-3"
        type="button"
      >
        3
      </button>
      <button
        class="calculator-button button-orange"
        id="button-add"
        type="button"
      >
        +
      </button>
      <button
        class="calculator-button button-zero"
        id="button-0"
        type="button"
      >
        0
      </button>
      <button
        class="calculator-button"
        id="button-."
        type="button"
      >
        .
      </button>
      <button
        class="calculator-button button-orange"
        id="button-equal"
        type="button"
      >
        =
      </button>
    </div>
  </div>
</div>
`;
